<html>
<body>
<pre>
<h1>µVision Build Log</h1>
<h2>Tool Versions:</h2>
IDE-Version: ¦ÌVision V5.33.0.0
Copyright (C) 2020 ARM Ltd and ARM Germany GmbH. All rights reserved.
License Information: jun zhu, kkb, LIC=14HV2-9YM05-WFBI7-E9AXF-VWYZI-5R25F
 
Tool Versions:
Toolchain:       MDK-ARM Plus  Version: 5.33.0.0
Toolchain Path:  C:\Program Files\Keil_v5\ARM\ARMCC\Bin
C Compiler:      Armcc.exe V5.06 update 7 (build 960)
Assembler:       Armasm.exe V5.06 update 7 (build 960)
Linker/Locator:  ArmLink.exe V5.06 update 7 (build 960)
Library Manager: ArmAr.exe V5.06 update 7 (build 960)
Hex Converter:   FromElf.exe V5.06 update 7 (build 960)
CPU DLL:         SARMCM3.DLL V5.33.0.0
Dialog DLL:      DCM.DLL V1.17.3.0
Target DLL:      STLink\ST-LINKIII-KEIL_SWO.dll V3.0.8.0
Dialog DLL:      TCM.DLL V1.48.0.0
 
<h2>Project:</h2>
C:\Users\zj\Desktop\source\open_source\kboot\proj\mdk\kboot.uvprojx
Project File Date:  08/22/2021

<h2>Output:</h2>
*** Using Compiler 'V5.06 update 7 (build 960)', folder: 'C:\Program Files\Keil_v5\ARM\ARMCC\Bin'
Build target 'kboot_f10x'
Note: source file '..\..\lib\stm32f10x\STM32F10x_StdPeriph_Driver\src\misc.c' - object file renamed from '.\Objects\misc.o' to '.\Objects\misc_1.o'.
compiling bsp.c...
compiling main.c...
compiling led.c...
..\..\periph\led.c(39): warning:  #188-D: enumerated type mixed with another type
        (PIN_DEV | PIN_OUT | PIN_PP),
..\..\periph\led.c(41): warning:  #188-D: enumerated type mixed with another type
          {PC13,0},
..\..\periph\led.c: 2 warnings, 0 errors
compiling gpio.c...
linking...
Program Size: Code=720 RO-data=268 RW-data=12 ZI-data=1028  
FromELF: creating hex file...
".\Objects\kboot.axf" - 0 Error(s), 2 Warning(s).

<h2>Software Packages used:</h2>

Package Vendor: Keil
                http://www.keil.com/pack/Keil.STM32F1xx_DFP.2.3.0.pack
                Keil.STM32F1xx_DFP.2.3.0
                STMicroelectronics STM32F1 Series Device Support, Drivers and Examples

<h2>Collection of Component include folders:</h2>
  C:\Program Files\Keil_v5\ARM\PACK\Keil\STM32F1xx_DFP\2.3.0\Device\Include

<h2>Collection of Component Files used:</h2>
Build Time Elapsed:  00:00:02
</pre>
</body>
</html>
